[0m11:53:55.437961 [debug] [MainThread]: Sending event: {'category': 'dbt', 'action': 'invocation', 'label': 'start', 'context': [<snowplow_tracker.self_describing_json.SelfDescribingJson object at 0x000001FADD515BD0>, <snowplow_tracker.self_describing_json.SelfDescribingJson object at 0x000001FADD38C810>, <snowplow_tracker.self_describing_json.SelfDescribingJson object at 0x000001FADD517510>]}


============================== 11:53:55.444422 | c77264b1-2c27-44f0-bd5f-54c55997574c ==============================
[0m11:53:55.444422 [info ] [MainThread]: Running with dbt=1.12.0
[0m11:53:55.444928 [debug] [MainThread]: running dbt with arguments {'maximum_seed_size_mib': '1', 'no_print': 'None', 'version_check': 'True', 'target_path': 'None', 'warn_error_options': 'WarnErrorOptionsV2(error=[], warn=[], silence=[])', 'static_parser': 'True', 'printer_width': '80', 'write_json': 'True', 'introspect': 'True', 'log_cache_events': 'False', 'empty': 'False', 'cache_selected_only': 'False', 'log_format': 'default', 'debug': 'False', 'fail_fast': 'False', 'profiles_dir': 'C:\\Users\\pavan.avanapu\\circleci_demo', 'send_anonymous_usage_stats': 'True', 'quiet': 'False', 'warn_error': 'None', 'partial_parse': 'True', 'indirect_selection': 'eager', 'hints_enabled': 'True', 'invocation_command': 'dbt compile', 'use_experimental_parser': 'False', 'use_colors': 'True', 'log_path': 'C:\\Users\\pavan.avanapu\\circleci_demo\\logs'}
[0m11:53:56.579674 [debug] [MainThread]: Sending event: {'category': 'dbt', 'action': 'project_id', 'label': 'c77264b1-2c27-44f0-bd5f-54c55997574c', 'context': [<snowplow_tracker.self_describing_json.SelfDescribingJson object at 0x000001FADE987650>]}
[0m11:53:56.669016 [debug] [MainThread]: Sending event: {'category': 'dbt', 'action': 'adapter_info', 'label': 'c77264b1-2c27-44f0-bd5f-54c55997574c', 'context': [<snowplow_tracker.self_describing_json.SelfDescribingJson object at 0x000001FAD8883350>]}
[0m11:53:56.671976 [info ] [MainThread]: Registered adapter: athena=1.11.0
[0m11:53:57.194048 [debug] [MainThread]: checksum: e49530ea1b2b5b05f4c67bed80501c2bfa8b46bfad7b59ad27d2fe8749462932, vars: {}, profile: athena, target: dev_ci, version: 1.12.0
[0m11:53:57.194048 [info ] [MainThread]: Unable to do partial parsing because saved manifest not found. Starting full parse.
[0m11:53:57.194048 [debug] [MainThread]: Sending event: {'category': 'dbt', 'action': 'partial_parser', 'label': 'c77264b1-2c27-44f0-bd5f-54c55997574c', 'context': [<snowplow_tracker.self_describing_json.SelfDescribingJson object at 0x000001FADE95CD90>]}
[0m11:53:58.605304 [debug] [MainThread]: Sending event: {'category': 'dbt', 'action': 'load_project', 'label': 'c77264b1-2c27-44f0-bd5f-54c55997574c', 'context': [<snowplow_tracker.self_describing_json.SelfDescribingJson object at 0x000001FADE91F710>]}
[0m11:53:58.693988 [debug] [MainThread]: Wrote artifact WritableManifest to C:\Users\pavan.avanapu\circleci_demo\target\manifest.json
[0m11:53:58.693988 [debug] [MainThread]: Wrote artifact SemanticManifest to C:\Users\pavan.avanapu\circleci_demo\target\semantic_manifest.json
[0m11:53:58.760814 [debug] [MainThread]: Wrote artifact OsiDocument to C:\Users\pavan.avanapu\circleci_demo\target\osi_document.json
[0m11:53:58.786715 [debug] [MainThread]: Sending event: {'category': 'dbt', 'action': 'resource_counts', 'label': 'c77264b1-2c27-44f0-bd5f-54c55997574c', 'context': [<snowplow_tracker.self_describing_json.SelfDescribingJson object at 0x000001FADFFBDC90>]}
[0m11:53:58.787707 [info ] [MainThread]: Found 3 models, 504 macros
[0m11:53:58.788707 [debug] [MainThread]: Sending event: {'category': 'dbt', 'action': 'runnable_timing', 'label': 'c77264b1-2c27-44f0-bd5f-54c55997574c', 'context': [<snowplow_tracker.self_describing_json.SelfDescribingJson object at 0x000001FADEEFDB50>]}
[0m11:53:58.790708 [info ] [MainThread]: 
[0m11:53:58.791708 [info ] [MainThread]: Concurrency: 4 threads (target='dev_ci')
[0m11:53:58.792711 [info ] [MainThread]: 
[0m11:53:58.793708 [debug] [MainThread]: Acquiring new athena connection 'master'
[0m11:53:58.800030 [debug] [ThreadPool]: Acquiring new athena connection 'list_awsdatacatalog_practice'
[0m11:53:58.800030 [debug] [ThreadPool]: Opening a new connection, currently in state init
[0m11:54:03.444021 [debug] [ThreadPool]: On list_awsdatacatalog_practice: No close available on handle
[0m11:54:03.444021 [debug] [MainThread]: Connection 'master' was properly closed.
[0m11:54:03.444021 [debug] [MainThread]: Connection 'list_awsdatacatalog_practice' was properly closed.
[0m11:54:03.444021 [error] [MainThread]: [[31mERROR[0m]: Encountered an error:
Unable to locate credentials
[0m11:54:03.465334 [error] [MainThread]: Traceback (most recent call last):
  File "C:\Users\pavan.avanapu\AppData\Local\Programs\Python\Python311\Lib\site-packages\dbt\cli\requires.py", line 190, in wrapper
    result, success = func(*args, **kwargs)
                      ^^^^^^^^^^^^^^^^^^^^^
  File "C:\Users\pavan.avanapu\AppData\Local\Programs\Python\Python311\Lib\site-packages\dbt\cli\requires.py", line 136, in wrapper
    return func(*args, **kwargs)
           ^^^^^^^^^^^^^^^^^^^^^
  File "C:\Users\pavan.avanapu\AppData\Local\Programs\Python\Python311\Lib\site-packages\dbt\cli\requires.py", line 287, in wrapper
    return func(*args, **kwargs)
           ^^^^^^^^^^^^^^^^^^^^^
  File "C:\Users\pavan.avanapu\AppData\Local\Programs\Python\Python311\Lib\site-packages\dbt\cli\requires.py", line 332, in wrapper
    return func(*args, **kwargs)
           ^^^^^^^^^^^^^^^^^^^^^
  File "C:\Users\pavan.avanapu\AppData\Local\Programs\Python\Python311\Lib\site-packages\dbt\cli\requires.py", line 379, in wrapper
    return func(*args, **kwargs)
           ^^^^^^^^^^^^^^^^^^^^^
  File "C:\Users\pavan.avanapu\AppData\Local\Programs\Python\Python311\Lib\site-packages\dbt\cli\requires.py", line 396, in wrapper
    return func(*args, **kwargs)
           ^^^^^^^^^^^^^^^^^^^^^
  File "C:\Users\pavan.avanapu\AppData\Local\Programs\Python\Python311\Lib\site-packages\dbt\cli\main.py", line 364, in compile
    results = task.run()
              ^^^^^^^^^^
  File "C:\Users\pavan.avanapu\AppData\Local\Programs\Python\Python311\Lib\site-packages\dbt\task\runnable.py", line 652, in run
    result = self.execute_with_hooks(selected_uids)
             ^^^^^^^^^^^^^^^^^^^^^^^^^^^^^^^^^^^^^^
  File "C:\Users\pavan.avanapu\AppData\Local\Programs\Python\Python311\Lib\site-packages\dbt\task\runnable.py", line 585, in execute_with_hooks
    before_run_status = self.before_run(adapter, selected_uids)
                        ^^^^^^^^^^^^^^^^^^^^^^^^^^^^^^^^^^^^^^^
  File "C:\Users\pavan.avanapu\AppData\Local\Programs\Python\Python311\Lib\site-packages\dbt\task\runnable.py", line 561, in before_run
    self.populate_adapter_cache(adapter)
  File "C:\Users\pavan.avanapu\AppData\Local\Programs\Python\Python311\Lib\site-packages\dbt\task\runnable.py", line 551, in populate_adapter_cache
    adapter.set_relations_cache(cachable_nodes)
  File "C:\Users\pavan.avanapu\AppData\Local\Programs\Python\Python311\Lib\site-packages\dbt\adapters\base\impl.py", line 703, in set_relations_cache
    self._relations_cache_for_schemas(relation_configs, required_schemas)
  File "C:\Users\pavan.avanapu\AppData\Local\Programs\Python\Python311\Lib\site-packages\dbt\adapters\base\impl.py", line 679, in _relations_cache_for_schemas
    for relation in future.result():
                    ^^^^^^^^^^^^^^^
  File "C:\Users\pavan.avanapu\AppData\Local\Programs\Python\Python311\Lib\concurrent\futures\_base.py", line 449, in result
    return self.__get_result()
           ^^^^^^^^^^^^^^^^^^^
  File "C:\Users\pavan.avanapu\AppData\Local\Programs\Python\Python311\Lib\concurrent\futures\_base.py", line 401, in __get_result
    raise self._exception
  File "C:\Users\pavan.avanapu\AppData\Local\Programs\Python\Python311\Lib\concurrent\futures\thread.py", line 58, in run
    result = self.fn(*self.args, **self.kwargs)
             ^^^^^^^^^^^^^^^^^^^^^^^^^^^^^^^^^^
  File "C:\Users\pavan.avanapu\AppData\Local\Programs\Python\Python311\Lib\site-packages\dbt_common\utils\executor.py", line 16, in connected
    return func(*args, **kwargs)
           ^^^^^^^^^^^^^^^^^^^^^
  File "C:\Users\pavan.avanapu\AppData\Local\Programs\Python\Python311\Lib\site-packages\dbt\adapters\athena\impl.py", line 942, in list_relations_without_caching
    data_catalog = self._get_data_catalog(schema_relation.database)  # type:ignore
                   ^^^^^^^^^^^^^^^^^^^^^^^^^^^^^^^^^^^^^^^^^^^^^^^^
  File "C:\Users\pavan.avanapu\AppData\Local\Programs\Python\Python311\Lib\site-packages\dbt\adapters\athena\impl.py", line 927, in _get_data_catalog
    catalog_id = sts.get_caller_identity()["Account"]
                 ^^^^^^^^^^^^^^^^^^^^^^^^^
  File "C:\Users\pavan.avanapu\AppData\Local\Programs\Python\Python311\Lib\site-packages\botocore\client.py", line 606, in _api_call
    return self._make_api_call(operation_name, kwargs)
           ^^^^^^^^^^^^^^^^^^^^^^^^^^^^^^^^^^^^^^^^^^^
  File "C:\Users\pavan.avanapu\AppData\Local\Programs\Python\Python311\Lib\site-packages\botocore\context.py", line 123, in wrapper
    return func(*args, **kwargs)
           ^^^^^^^^^^^^^^^^^^^^^
  File "C:\Users\pavan.avanapu\AppData\Local\Programs\Python\Python311\Lib\site-packages\botocore\client.py", line 1076, in _make_api_call
    http, parsed_response = self._make_request(
                            ^^^^^^^^^^^^^^^^^^^
  File "C:\Users\pavan.avanapu\AppData\Local\Programs\Python\Python311\Lib\site-packages\botocore\client.py", line 1100, in _make_request
    return self._endpoint.make_request(operation_model, request_dict)
           ^^^^^^^^^^^^^^^^^^^^^^^^^^^^^^^^^^^^^^^^^^^^^^^^^^^^^^^^^^
  File "C:\Users\pavan.avanapu\AppData\Local\Programs\Python\Python311\Lib\site-packages\botocore\endpoint.py", line 119, in make_request
    return self._send_request(request_dict, operation_model)
           ^^^^^^^^^^^^^^^^^^^^^^^^^^^^^^^^^^^^^^^^^^^^^^^^^
  File "C:\Users\pavan.avanapu\AppData\Local\Programs\Python\Python311\Lib\site-packages\botocore\endpoint.py", line 196, in _send_request
    request = self.create_request(request_dict, operation_model)
              ^^^^^^^^^^^^^^^^^^^^^^^^^^^^^^^^^^^^^^^^^^^^^^^^^^
  File "C:\Users\pavan.avanapu\AppData\Local\Programs\Python\Python311\Lib\site-packages\botocore\endpoint.py", line 132, in create_request
    self._event_emitter.emit(
  File "C:\Users\pavan.avanapu\AppData\Local\Programs\Python\Python311\Lib\site-packages\botocore\hooks.py", line 412, in emit
    return self._emitter.emit(aliased_event_name, **kwargs)
           ^^^^^^^^^^^^^^^^^^^^^^^^^^^^^^^^^^^^^^^^^^^^^^^^
  File "C:\Users\pavan.avanapu\AppData\Local\Programs\Python\Python311\Lib\site-packages\botocore\hooks.py", line 256, in emit
    return self._emit(event_name, kwargs)
           ^^^^^^^^^^^^^^^^^^^^^^^^^^^^^^
  File "C:\Users\pavan.avanapu\AppData\Local\Programs\Python\Python311\Lib\site-packages\botocore\hooks.py", line 239, in _emit
    response = handler(**kwargs)
               ^^^^^^^^^^^^^^^^^
  File "C:\Users\pavan.avanapu\AppData\Local\Programs\Python\Python311\Lib\site-packages\botocore\signers.py", line 108, in handler
    return self.sign(operation_name, request)
           ^^^^^^^^^^^^^^^^^^^^^^^^^^^^^^^^^^
  File "C:\Users\pavan.avanapu\AppData\Local\Programs\Python\Python311\Lib\site-packages\botocore\signers.py", line 200, in sign
    auth.add_auth(request)
  File "C:\Users\pavan.avanapu\AppData\Local\Programs\Python\Python311\Lib\site-packages\botocore\auth.py", line 429, in add_auth
    raise NoCredentialsError()
botocore.exceptions.NoCredentialsError: Unable to locate credentials

[0m11:54:03.467335 [debug] [MainThread]: Command `dbt compile` failed at 11:54:03.467335 after 8.19 seconds
[0m11:54:03.468427 [debug] [MainThread]: Sending event: {'category': 'dbt', 'action': 'invocation', 'label': 'end', 'context': [<snowplow_tracker.self_describing_json.SelfDescribingJson object at 0x000001FADD448D90>, <snowplow_tracker.self_describing_json.SelfDescribingJson object at 0x000001FADD4CCC10>, <snowplow_tracker.self_describing_json.SelfDescribingJson object at 0x000001FADEECBC50>]}
[0m11:54:03.469378 [debug] [MainThread]: Flushing usage events
[0m11:54:04.713621 [debug] [MainThread]: An error was encountered while trying to flush usage events
